> Task :app:preBuild UP-TO-DATE
> Task :app:preDebugBuild UP-TO-DATE
> Task :app:checkDebugAarMetadata UP-TO-DATE
> Task :app:mapDebugSourceSetPaths UP-TO-DATE
> Task :app:processDebugNavigationResources UP-TO-DATE
> Task :app:compileDebugNavigationResources UP-TO-DATE
> Task :app:generateDebugResources UP-TO-DATE
> Task :app:mergeDebugResources UP-TO-DATE
> Task :app:packageDebugResources UP-TO-DATE
> Task :app:parseDebugLocalResources UP-TO-DATE
> Task :app:createDebugCompatibleScreenManifests UP-TO-DATE
> Task :app:extractDeepLinksDebug UP-TO-DATE
> Task :app:processDebugMainManifest UP-TO-DATE
> Task :app:processDebugManifest UP-TO-DATE
> Task :app:processDebugManifestForPackage UP-TO-DATE
> Task :app:processDebugResources FAILED
.\gradlew : 
At line:1 char:1
+ .\gradlew :app:processDebugResources > build_output.txt 2>&1
+ ~~~~~~~~~~~~~~~~~~~~~~~~~~~~~~~~~~~~~~~~~~~~~~~~~~~~~~~~~~~~
    + CategoryInfo          : NotSpecified: (:String) [], RemoteException
    + FullyQualifiedErrorId : NativeCommandError
 
FAILURE: Build failed with an exception.

* What went wrong:
Execution failed for task ':app:processDebugResources'.
> A failure occurred while executing 
com.android.build.gradle.internal.res.LinkApplicationAndroidResourcesTask$TaskAction
   > Android resource linking failed
     com.example.taskmanagerpro.app-main-37:/drawable/bg_date_selected.xml:3: error: resource color/primary_purple 
(aka com.example.taskmanagerpro:color/primary_purple) not found.
     com.example.taskmanagerpro.app-main-37:/drawable/bg_input_modern.xml:4: error: resource color/surface_variant 
(aka com.example.taskmanagerpro:color/surface_variant) not found.
     com.example.taskmanagerpro.app-main-37:/drawable/button_modern.xml:10: error: resource color/primary_dark (aka 
com.example.taskmanagerpro:color/primary_dark) not found.
     com.example.taskmanagerpro.app-main-37:/drawable/button_premium.xml:10: error: resource color/premium_violet (aka 
com.example.taskmanagerpro:color/premium_violet) not found.
     com.example.taskmanagerpro.app-main-37:/drawable/button_primary.xml:10: error: resource color/primary_dark (aka 
com.example.taskmanagerpro:color/primary_dark) not found.
     com.example.taskmanagerpro.app-main-37:/drawable/button_white.xml:6: error: resource color/surface (aka 
com.example.taskmanagerpro:color/surface) not found.
     com.example.taskmanagerpro.app-main-37:/drawable/card_bg_purple.xml:3: error: resource color/primary_purple (aka 
com.example.taskmanagerpro:color/primary_purple) not found.
     com.example.taskmanagerpro.app-main-37:/drawable/progress_ring_pink.xml:20: error: resource color/accent_pink 
(aka com.example.taskmanagerpro:color/accent_pink) not found.
     error: failed linking file resources.


* Try:
> Run with --stacktrace option to get the stack trace.
> Run with --info or --debug option to get more log output.
> Run with --scan to get full insights from a Build Scan (powered by Develocity).
> Get more help at https://help.gradle.org.

BUILD FAILED in 5s
14 actionable tasks: 1 executed, 13 up-to-date
